exports[`searches movie by given id #0`] =
{
  "message": "searching movie by id 20",
  "namespace": "VERBOSE",
  "timestamp": "2019-07-24T02:00:16.211Z",
  "type": "util.debuglog"
};

exports[`inserts movie #0`] =
{
  "id": 1,
  "name": "Mean Girls"
};

exports[`does not insert movie without a name - snapshot #0`] =
{
  "name": [
    {
      "keyword": "required",
      "message": "is a required property",
      "params": {
        "missingProperty": "name"
      }
    }
  ]
};

exports[`searches movies given an id #0`] =
{
  "message": "searching movie by id 20",
  "namespace": "VERBOSE",
  "timestamp": "2019-07-24T02:00:16.211Z",
  "type": "util.debuglog"
};
